// Jest Snapshot v1, https://goo.gl/fbAQLP

exports[`MultiCheck layout order is up to bottom and left to right 1`] = `
Array [
  <div
    class="multi-check-column"
    data-testid="multi-check-column"
  >
    <div
      class="multi-check-option multi-check-select-all"
    >
      <input
        id="multi-check-select-all"
        name="multi-check-select-all"
        role="multi-check-select-all"
        type="checkbox"
      />
      <label
        for="multi-check-select-all"
      >
        Select All
      </label>
    </div>
    <div
      class="multi-check-option"
    >
      <input
        data-testid="label1"
        id="label1"
        name="label1"
        role="multi-check-option-checkbox"
        type="checkbox"
      />
      <label
        data-testid="multi-check-option-label"
        for="label1"
      >
        label1
      </label>
    </div>
    <div
      class="multi-check-option"
    >
      <input
        data-testid="label2"
        id="label2"
        name="label2"
        role="multi-check-option-checkbox"
        type="checkbox"
      />
      <label
        data-testid="multi-check-option-label"
        for="label2"
      >
        label2
      </label>
    </div>
    <div
      class="multi-check-option"
    >
      <input
        data-testid="label3"
        id="label3"
        name="label3"
        role="multi-check-option-checkbox"
        type="checkbox"
      />
      <label
        data-testid="multi-check-option-label"
        for="label3"
      >
        label3
      </label>
    </div>
  </div>,
  <div
    class="multi-check-column"
    data-testid="multi-check-column"
  >
    <div
      class="multi-check-option"
    >
      <input
        data-testid="label4"
        id="label4"
        name="label4"
        role="multi-check-option-checkbox"
        type="checkbox"
      />
      <label
        data-testid="multi-check-option-label"
        for="label4"
      >
        label4
      </label>
    </div>
    <div
      class="multi-check-option"
    >
      <input
        data-testid="label5"
        id="label5"
        name="label5"
        role="multi-check-option-checkbox"
        type="checkbox"
      />
      <label
        data-testid="multi-check-option-label"
        for="label5"
      >
        label5
      </label>
    </div>
    <div
      class="multi-check-option"
    >
      <input
        data-testid="label6"
        id="label6"
        name="label6"
        role="multi-check-option-checkbox"
        type="checkbox"
      />
      <label
        data-testid="multi-check-option-label"
        for="label6"
      >
        label6
      </label>
    </div>
  </div>,
]
`;

exports[`MultiCheck layout order is up to bottom and left to right 2`] = `
Array [
  <div
    class="multi-check-column"
    data-testid="multi-check-column"
  >
    <div
      class="multi-check-option multi-check-select-all"
    >
      <input
        id="multi-check-select-all"
        name="multi-check-select-all"
        role="multi-check-select-all"
        type="checkbox"
      />
      <label
        for="multi-check-select-all"
      >
        Select All
      </label>
    </div>
    <div
      class="multi-check-option"
    >
      <input
        data-testid="label1"
        id="label1"
        name="label1"
        role="multi-check-option-checkbox"
        type="checkbox"
      />
      <label
        data-testid="multi-check-option-label"
        for="label1"
      >
        label1
      </label>
    </div>
    <div
      class="multi-check-option"
    >
      <input
        data-testid="label2"
        id="label2"
        name="label2"
        role="multi-check-option-checkbox"
        type="checkbox"
      />
      <label
        data-testid="multi-check-option-label"
        for="label2"
      >
        label2
      </label>
    </div>
  </div>,
  <div
    class="multi-check-column"
    data-testid="multi-check-column"
  >
    <div
      class="multi-check-option"
    >
      <input
        data-testid="label3"
        id="label3"
        name="label3"
        role="multi-check-option-checkbox"
        type="checkbox"
      />
      <label
        data-testid="multi-check-option-label"
        for="label3"
      >
        label3
      </label>
    </div>
    <div
      class="multi-check-option"
    >
      <input
        data-testid="label4"
        id="label4"
        name="label4"
        role="multi-check-option-checkbox"
        type="checkbox"
      />
      <label
        data-testid="multi-check-option-label"
        for="label4"
      >
        label4
      </label>
    </div>
  </div>,
  <div
    class="multi-check-column"
    data-testid="multi-check-column"
  >
    <div
      class="multi-check-option"
    >
      <input
        data-testid="label5"
        id="label5"
        name="label5"
        role="multi-check-option-checkbox"
        type="checkbox"
      />
      <label
        data-testid="multi-check-option-label"
        for="label5"
      >
        label5
      </label>
    </div>
    <div
      class="multi-check-option"
    >
      <input
        data-testid="label6"
        id="label6"
        name="label6"
        role="multi-check-option-checkbox"
        type="checkbox"
      />
      <label
        data-testid="multi-check-option-label"
        for="label6"
      >
        label6
      </label>
    </div>
  </div>,
]
`;

exports[`MultiCheck layout order is up to bottom and left to right 3`] = `
Array [
  <div
    class="multi-check-column"
    data-testid="multi-check-column"
  >
    <div
      class="multi-check-option multi-check-select-all"
    >
      <input
        id="multi-check-select-all"
        name="multi-check-select-all"
        role="multi-check-select-all"
        type="checkbox"
      />
      <label
        for="multi-check-select-all"
      >
        Select All
      </label>
    </div>
    <div
      class="multi-check-option"
    >
      <input
        data-testid="label1"
        id="label1"
        name="label1"
        role="multi-check-option-checkbox"
        type="checkbox"
      />
      <label
        data-testid="multi-check-option-label"
        for="label1"
      >
        label1
      </label>
    </div>
  </div>,
  <div
    class="multi-check-column"
    data-testid="multi-check-column"
  >
    <div
      class="multi-check-option"
    >
      <input
        data-testid="label2"
        id="label2"
        name="label2"
        role="multi-check-option-checkbox"
        type="checkbox"
      />
      <label
        data-testid="multi-check-option-label"
        for="label2"
      >
        label2
      </label>
    </div>
    <div
      class="multi-check-option"
    >
      <input
        data-testid="label3"
        id="label3"
        name="label3"
        role="multi-check-option-checkbox"
        type="checkbox"
      />
      <label
        data-testid="multi-check-option-label"
        for="label3"
      >
        label3
      </label>
    </div>
  </div>,
  <div
    class="multi-check-column"
    data-testid="multi-check-column"
  >
    <div
      class="multi-check-option"
    >
      <input
        data-testid="label4"
        id="label4"
        name="label4"
        role="multi-check-option-checkbox"
        type="checkbox"
      />
      <label
        data-testid="multi-check-option-label"
        for="label4"
      >
        label4
      </label>
    </div>
    <div
      class="multi-check-option"
    >
      <input
        data-testid="label5"
        id="label5"
        name="label5"
        role="multi-check-option-checkbox"
        type="checkbox"
      />
      <label
        data-testid="multi-check-option-label"
        for="label5"
      >
        label5
      </label>
    </div>
  </div>,
  <div
    class="multi-check-column"
    data-testid="multi-check-column"
  >
    <div
      class="multi-check-option"
    >
      <input
        data-testid="label6"
        id="label6"
        name="label6"
        role="multi-check-option-checkbox"
        type="checkbox"
      />
      <label
        data-testid="multi-check-option-label"
        for="label6"
      >
        label6
      </label>
    </div>
  </div>,
]
`;
